test_invalid_shape_dtype_and_positions_are_rejected (test.test_deepseek_v4_indexer.DeepSeekV4IndexerTests.test_invalid_shape_dtype_and_positions_are_rejected) ... ok
test_nondefault_stream_and_repeated_workspace_shapes (test.test_deepseek_v4_indexer.DeepSeekV4IndexerTests.test_nondefault_stream_and_repeated_workspace_shapes) ... ok
test_prefill_causal_mask_and_partial_compression_groups (test.test_deepseek_v4_indexer.DeepSeekV4IndexerTests.test_prefill_causal_mask_and_partial_compression_groups) ... ok
test_scores_match_published_bf16_boundaries (test.test_deepseek_v4_indexer.DeepSeekV4IndexerTests.test_scores_match_published_bf16_boundaries) ... ok
test_ties_and_negative_scores_use_stable_lower_index_order (test.test_deepseek_v4_indexer.DeepSeekV4IndexerTests.test_ties_and_negative_scores_use_stable_lower_index_order) ... ok
test_top512_really_selects_from_larger_candidate_pools (test.test_deepseek_v4_indexer.DeepSeekV4IndexerTests.test_top512_really_selects_from_larger_candidate_pools) ... ok
test_zero_candidates_do_not_launch_gemm_or_sort (test.test_deepseek_v4_indexer.DeepSeekV4IndexerTests.test_zero_candidates_do_not_launch_gemm_or_sort) ... ok
test_adapter_matches_published_prefill_and_decode (test.test_deepseek_v4_compressor.DeepSeekV4CompressorTests.test_adapter_matches_published_prefill_and_decode) ... ok
test_full_replay_and_non_aligned_chunks_preserve_state (test.test_deepseek_v4_compressor.DeepSeekV4CompressorTests.test_full_replay_and_non_aligned_chunks_preserve_state) ... ok
test_invalid_layout_and_alias_are_rejected (test.test_deepseek_v4_compressor.DeepSeekV4CompressorTests.test_invalid_layout_and_alias_are_rejected) ... ok
test_large_scores_remain_finite (test.test_deepseek_v4_compressor.DeepSeekV4CompressorTests.test_large_scores_remain_finite) ... ok
test_long_projected_inputs_preserve_full_replay_and_chunk_state (test.test_deepseek_v4_compressor.DeepSeekV4CompressorTests.test_long_projected_inputs_preserve_full_replay_and_chunk_state) ... ok
test_partial_group_is_not_emitted_and_reset_discards_history (test.test_deepseek_v4_compressor.DeepSeekV4CompressorTests.test_partial_group_is_not_emitted_and_reset_discards_history) ... ok
test_pooling_matches_independent_softmax_at_real_dimensions (test.test_deepseek_v4_compressor.DeepSeekV4CompressorTests.test_pooling_matches_independent_softmax_at_real_dimensions) ... ok
test_ratio128_pool_preserves_bf16_rounding (test.test_deepseek_v4_compressor.DeepSeekV4CompressorTests.test_ratio128_pool_preserves_bf16_rounding) ... ok
test_uses_current_cuda_stream (test.test_deepseek_v4_compressor.DeepSeekV4CompressorTests.test_uses_current_cuda_stream) ... ok
test_cpu_hyperconnection_matches_pytorch_oracle (test.test_deepseek_v4_native.DeepSeekV4NativeAttentionTests.test_cpu_hyperconnection_matches_pytorch_oracle) ... ok
test_cpu_matches_pytorch_oracle (test.test_deepseek_v4_native.DeepSeekV4NativeAttentionTests.test_cpu_matches_pytorch_oracle) ... ok
test_cpu_router_matches_published_semantics (test.test_deepseek_v4_native.DeepSeekV4NativeAttentionTests.test_cpu_router_matches_published_semantics) ... ok
test_cuda_accepts_published_head_and_topk_shape (test.test_deepseek_v4_native.DeepSeekV4NativeAttentionTests.test_cuda_accepts_published_head_and_topk_shape) ... ok
test_cuda_activation_quant_matches_pytorch_oracle (test.test_deepseek_v4_native.DeepSeekV4NativeAttentionTests.test_cuda_activation_quant_matches_pytorch_oracle) ... ok
test_cuda_activation_quant_supports_strided_view (test.test_deepseek_v4_native.DeepSeekV4NativeAttentionTests.test_cuda_activation_quant_supports_strided_view) ... ok
test_cuda_hyperconnection_matches_pytorch_oracle (test.test_deepseek_v4_native.DeepSeekV4NativeAttentionTests.test_cuda_hyperconnection_matches_pytorch_oracle) ... ok
test_cuda_matches_pytorch_oracle (test.test_deepseek_v4_native.DeepSeekV4NativeAttentionTests.test_cuda_matches_pytorch_oracle) ... ok
test_cuda_quantized_linear_matches_dequantized_oracle (test.test_deepseek_v4_native.DeepSeekV4NativeAttentionTests.test_cuda_quantized_linear_matches_dequantized_oracle) ... ok
test_cuda_router_binding_matches_pytorch_oracle (test.test_deepseek_v4_native.DeepSeekV4NativeAttentionTests.test_cuda_router_binding_matches_pytorch_oracle) ... ok
test_cuda_router_matches_published_semantics (test.test_deepseek_v4_native.DeepSeekV4NativeAttentionTests.test_cuda_router_matches_published_semantics) ... ok
test_typed_bf16_cuda_matches_pytorch_oracle (test.test_deepseek_v4_native.DeepSeekV4NativeAttentionTests.test_typed_bf16_cuda_matches_pytorch_oracle) ... ok
test_activation_quant_rejects_unaligned_dimension (test.test_deepseek_v4_reference.DeepSeekV4AttentionReferenceTests.test_activation_quant_rejects_unaligned_dimension) ... ok
test_fp4_activation_quant_uses_e2m1_grid (test.test_deepseek_v4_reference.DeepSeekV4AttentionReferenceTests.test_fp4_activation_quant_uses_e2m1_grid) ... ok
test_fp4_unpack_uses_published_e2m1_table (test.test_deepseek_v4_reference.DeepSeekV4AttentionReferenceTests.test_fp4_unpack_uses_published_e2m1_table) ... ok
test_fp8_activation_quant_is_finite_and_bounded (test.test_deepseek_v4_reference.DeepSeekV4AttentionReferenceTests.test_fp8_activation_quant_is_finite_and_bounded) ... ok
test_published_index_shapes (test.test_deepseek_v4_reference.DeepSeekV4AttentionReferenceTests.test_published_index_shapes) ... ok
test_ratio4_overlap_compression (test.test_deepseek_v4_reference.DeepSeekV4AttentionReferenceTests.test_ratio4_overlap_compression) ... ok
test_rope_inverse_round_trip (test.test_deepseek_v4_reference.DeepSeekV4AttentionReferenceTests.test_rope_inverse_round_trip) ... ok
test_sparse_attention_masks_and_sink (test.test_deepseek_v4_reference.DeepSeekV4AttentionReferenceTests.test_sparse_attention_masks_and_sink) ... ok
test_v4_payload_is_not_classic_split_mla (test.test_deepseek_v4_reference.DeepSeekV4CacheContractTests.test_v4_payload_is_not_classic_split_mla) ... ok
test_attention_and_moe_match_cpu_on_allocated_gpu (test.test_deepseek_v4_reference.DeepSeekV4CudaReferenceTests.test_attention_and_moe_match_cpu_on_allocated_gpu) ... ok
test_hash_router_uses_token_table (test.test_deepseek_v4_reference.DeepSeekV4MoEReferenceTests.test_hash_router_uses_token_table) ... ok
test_routed_and_shared_expert_combine (test.test_deepseek_v4_reference.DeepSeekV4MoEReferenceTests.test_routed_and_shared_expert_combine) ... ok
test_selection_bias_does_not_change_routing_weight (test.test_deepseek_v4_reference.DeepSeekV4MoEReferenceTests.test_selection_bias_does_not_change_routing_weight) ... ok
test_real_fp8_and_fp4_crops_form_finite_linears (test.test_deepseek_v4_reference.PublishedQuantizedWeightSliceTests.test_real_fp8_and_fp4_crops_form_finite_linears) ... ok
test_complete_tiny_layer_matches_published_source (test.test_deepseek_v4_reference.PublishedReferenceParityTests.test_complete_tiny_layer_matches_published_source) ... ok
test_ratio4_compressor_matches_published_source (test.test_deepseek_v4_reference.PublishedReferenceParityTests.test_ratio4_compressor_matches_published_source) ... ok
test_rope_and_index_generation_match_published_source (test.test_deepseek_v4_reference.PublishedReferenceParityTests.test_rope_and_index_generation_match_published_source) ... ok
test_router_matches_published_source (test.test_deepseek_v4_reference.PublishedReferenceParityTests.test_router_matches_published_source) ... ok
test_config_and_inference_aliases (test.test_deepseek_v4_manifest.DeepSeekV4ConfigTests.test_config_and_inference_aliases) ... ok
test_rejects_wrong_model_family (test.test_deepseek_v4_manifest.DeepSeekV4ConfigTests.test_rejects_wrong_model_family) ... ok
test_maps_attention_indexer (test.test_deepseek_v4_manifest.DeepSeekV4WeightKeyTests.test_maps_attention_indexer) ... ok
test_maps_routed_expert (test.test_deepseek_v4_manifest.DeepSeekV4WeightKeyTests.test_maps_routed_expert) ... ok
test_rejects_unknown_namespace (test.test_deepseek_v4_manifest.DeepSeekV4WeightKeyTests.test_rejects_unknown_namespace) ... ok
test_real_checkpoint_contract_and_headers (test.test_deepseek_v4_manifest.PublishedCheckpointTests.test_real_checkpoint_contract_and_headers) ... ok
test_real_checkpoint_loads_small_slices_only (test.test_deepseek_v4_manifest.PublishedCheckpointTests.test_real_checkpoint_loads_small_slices_only) ... ok

----------------------------------------------------------------------
Ran 53 tests in 3.321s

OK
